0
OK#0
OK#1
OK#2
OK#3
OK#4
OK#5
OK#6
OK#9
OK#:
OK#7
OK#9